// Vitest Snapshot v1, https://vitest.dev/guide/snapshot.html

exports[`NavBar Component > renders navbar 1`] = `undefined`;
